** WARNING: connection is not using a post-quantum key exchange algorithm.
** This session may be vulnerable to "store now, decrypt later" attacks.
** The server may need to be upgraded. See https://openssh.com/pq.html
e12: preflight ok: substrate=nested-m8i snapshot=/srv/snapshots/default results=/tmp/e12-results
e12: snapshot rootfs digest verified before the run (sha256:833401a161b75cd43ea3dc231efa01d039dd23d3e8e73eddf63fd88bbcec54d4)
e12: rung-A: host_witness=yes guest_witness=yes ok=true
e12: rung-B: host_witness=yes guest_witness=yes ok=true
e12: rung-C-8-4: host_witness=yes guest_witness=yes ok=true
e12: rung-C-8-1: host_witness=yes guest_witness=yes ok=true
e12: rung-C-8-3: host_witness=yes guest_witness=yes ok=true
e12: rung-C-8-2: host_witness=yes guest_witness=yes ok=true
e12: rung-C-8-5: host_witness=yes guest_witness=yes ok=true
e12: rung-C-8-8: host_witness=yes guest_witness=yes ok=true
e12: rung-C-8-6: host_witness=yes guest_witness=yes ok=true
e12: rung-C-8-7: host_witness=yes guest_witness=yes ok=true
e12: rung-C(n=8): ok_count=8 fail_count=0 nonce_collisions=0 all_ok=true
e12: rung-C-128-1: host_witness=yes guest_witness=yes ok=true
e12: rung-C-128-9: host_witness=yes guest_witness=yes ok=true
e12: rung-C-128-6: host_witness=yes guest_witness=yes ok=true
e12: rung-C-128-2: host_witness=yes guest_witness=yes ok=true
e12: rung-C-128-35: host_witness=yes guest_witness=yes ok=true
e12: rung-C-128-4: host_witness=yes guest_witness=yes ok=true
e12: rung-C-128-24: host_witness=yes guest_witness=yes ok=true
e12: rung-C-128-14: host_witness=yes guest_witness=yes ok=true
e12: rung-C-128-15: host_witness=yes guest_witness=yes ok=true
e12: rung-C-128-87: host_witness=yes guest_witness=yes ok=true
e12: rung-C-128-3: host_witness=yes guest_witness=yes ok=true
e12: rung-C-128-12: host_witness=yes guest_witness=yes ok=true
e12: rung-C-128-92: host_witness=yes guest_witness=yes ok=true
e12: rung-C-128-49: host_witness=yes guest_witness=yes ok=true
e12: rung-C-128-39: host_witness=yes guest_witness=yes ok=true
e12: rung-C-128-71: host_witness=yes guest_witness=yes ok=true
e12: rung-C-128-17: host_witness=yes guest_witness=yes ok=true
e12: rung-C-128-30: host_witness=yes guest_witness=yes ok=true
e12: rung-C-128-66: host_witness=no guest_witness=no ok=false
e12: rung-C-128-62: host_witness=no guest_witness=no ok=false
e12: rung-C-128-89: host_witness=no guest_witness=no ok=false
e12: rung-C-128-5: host_witness=yes guest_witness=yes ok=true
e12: rung-C-128-57: host_witness=no guest_witness=no ok=false
e12: rung-C-128-28: host_witness=no guest_witness=no ok=false
e12: rung-C-128-103: host_witness=no guest_witness=no ok=false
e12: rung-C-128-80: host_witness=no guest_witness=no ok=false
e12: rung-C-128-27: host_witness=no guest_witness=no ok=false
e12: rung-C-128-65: host_witness=no guest_witness=no ok=false
e12: rung-C-128-48: host_witness=yes guest_witness=yes ok=true
e12: rung-C-128-46: host_witness=no guest_witness=no ok=false
e12: rung-C-128-47: host_witness=yes guest_witness=yes ok=true
e12: rung-C-128-33: host_witness=no guest_witness=no ok=false
e12: rung-C-128-42: host_witness=no guest_witness=no ok=false
e12: rung-C-128-50: host_witness=yes guest_witness=yes ok=true
e12: rung-C-128-72: host_witness=no guest_witness=no ok=false
e12: rung-C-128-64: host_witness=no guest_witness=no ok=false
e12: rung-C-128-26: host_witness=no guest_witness=no ok=false
e12: rung-C-128-73: host_witness=no guest_witness=no ok=false
e12: rung-C-128-100: host_witness=no guest_witness=no ok=false
e12: rung-C-128-32: host_witness=no guest_witness=no ok=false
e12: rung-C-128-16: host_witness=no guest_witness=no ok=false
e12: rung-C-128-22: host_witness=yes guest_witness=yes ok=true
e12: rung-C-128-44: host_witness=yes guest_witness=yes ok=true
e12: rung-C-128-31: host_witness=no guest_witness=no ok=false
e12: rung-C-128-102: host_witness=no guest_witness=no ok=false
e12: rung-C-128-8: host_witness=yes guest_witness=yes ok=true
e12: rung-C-128-23: host_witness=no guest_witness=no ok=false
e12: rung-C-128-40: host_witness=yes guest_witness=yes ok=true
e12: rung-C-128-20: host_witness=yes guest_witness=yes ok=true
e12: rung-C-128-53: host_witness=yes guest_witness=yes ok=true
e12: rung-C-128-68: host_witness=yes guest_witness=yes ok=true
e12: rung-C-128-41: host_witness=yes guest_witness=yes ok=true
e12: rung-C-128-88: host_witness=no guest_witness=no ok=false
e12: rung-C-128-74: host_witness=yes guest_witness=yes ok=true
e12: rung-C-128-7: host_witness=no guest_witness=no ok=false
e12: rung-C-128-119: host_witness=no guest_witness=no ok=false
e12: rung-C-128-43: host_witness=yes guest_witness=yes ok=true
e12: rung-C-128-81: host_witness=no guest_witness=no ok=false
e12: rung-C-128-60: host_witness=no guest_witness=no ok=false
e12: rung-C-128-78: host_witness=yes guest_witness=yes ok=true
e12: rung-C-128-94: host_witness=no guest_witness=no ok=false
e12: rung-C-128-25: host_witness=no guest_witness=no ok=false
e12: rung-C-128-51: host_witness=no guest_witness=no ok=false
e12: rung-C-128-19: host_witness=yes guest_witness=yes ok=true
e12: rung-C-128-76: host_witness=yes guest_witness=yes ok=true
e12: rung-C-128-107: host_witness=no guest_witness=no ok=false
e12: rung-C-128-75: host_witness=no guest_witness=no ok=false
e12: rung-C-128-95: host_witness=no guest_witness=no ok=false
e12: rung-C-128-118: host_witness=no guest_witness=no ok=false
e12: rung-C-128-34: host_witness=no guest_witness=no ok=false
e12: rung-C-128-55: host_witness=no guest_witness=no ok=false
e12: rung-C-128-101: host_witness=no guest_witness=no ok=false
e12: rung-C-128-56: host_witness=no guest_witness=no ok=false
e12: rung-C-128-63: host_witness=no guest_witness=no ok=false
e12: rung-C-128-45: host_witness=no guest_witness=no ok=false
e12: rung-C-128-93: host_witness=no guest_witness=no ok=false
e12: rung-C-128-36: host_witness=yes guest_witness=yes ok=true
e12: rung-C-128-99: host_witness=no guest_witness=no ok=false
e12: rung-C-128-13: host_witness=no guest_witness=no ok=false
e12: rung-C-128-11: host_witness=no guest_witness=no ok=false
e12: rung-C-128-38: host_witness=no guest_witness=no ok=false
e12: rung-C-128-37: host_witness=yes guest_witness=yes ok=true
e12: rung-C-128-84: host_witness=yes guest_witness=yes ok=true
e12: rung-C-128-10: host_witness=no guest_witness=no ok=false
e12: rung-C-128-29: host_witness=yes guest_witness=yes ok=true
e12: rung-C-128-98: host_witness=yes guest_witness=yes ok=true
e12: rung-C-128-104: host_witness=no guest_witness=no ok=false
e12: rung-C-128-58: host_witness=yes guest_witness=yes ok=true
e12: rung-C-128-97: host_witness=yes guest_witness=yes ok=true
e12: rung-C-128-83: host_witness=yes guest_witness=yes ok=true
e12: rung-C-128-124: host_witness=yes guest_witness=yes ok=true
e12: rung-C-128-67: host_witness=yes guest_witness=yes ok=true
e12: rung-C-128-18: host_witness=no guest_witness=no ok=false
e12: rung-C-128-108: host_witness=yes guest_witness=yes ok=true
e12: rung-C-128-111: host_witness=yes guest_witness=yes ok=true
e12: rung-C-128-69: host_witness=yes guest_witness=yes ok=true
e12: rung-C-128-21: host_witness=yes guest_witness=yes ok=true
e12: rung-C-128-77: host_witness=yes guest_witness=yes ok=true
e12: rung-C-128-91: host_witness=yes guest_witness=yes ok=true
e12: rung-C-128-122: host_witness=yes guest_witness=yes ok=true
e12: rung-C-128-96: host_witness=yes guest_witness=yes ok=true
e12: rung-C-128-61: host_witness=yes guest_witness=yes ok=true
e12: rung-C-128-105: host_witness=yes guest_witness=yes ok=true
e12: rung-C-128-128: host_witness=yes guest_witness=yes ok=true
e12: rung-C-128-109: host_witness=yes guest_witness=yes ok=true
e12: rung-C-128-86: host_witness=yes guest_witness=yes ok=true
e12: rung-C-128-110: host_witness=yes guest_witness=yes ok=true
e12: rung-C-128-127: host_witness=yes guest_witness=yes ok=true
e12: rung-C-128-54: host_witness=yes guest_witness=yes ok=true
e12: rung-C-128-121: host_witness=yes guest_witness=yes ok=true
e12: rung-C-128-117: host_witness=yes guest_witness=yes ok=true
e12: rung-C-128-125: host_witness=yes guest_witness=yes ok=true
e12: rung-C-128-115: host_witness=yes guest_witness=yes ok=true
e12: rung-C-128-59: host_witness=yes guest_witness=yes ok=true
e12: rung-C-128-79: host_witness=yes guest_witness=yes ok=true
e12: rung-C-128-106: host_witness=yes guest_witness=yes ok=true
e12: rung-C-128-82: host_witness=yes guest_witness=yes ok=true
e12: rung-C-128-90: host_witness=yes guest_witness=yes ok=true
e12: rung-C-128-85: host_witness=yes guest_witness=yes ok=true
e12: rung-C-128-116: host_witness=yes guest_witness=yes ok=true
e12: rung-C-128-126: host_witness=yes guest_witness=yes ok=true
e12: rung-C-128-70: host_witness=yes guest_witness=yes ok=true
e12: rung-C-128-52: host_witness=yes guest_witness=yes ok=true
e12: rung-C-128-114: host_witness=yes guest_witness=yes ok=true
e12: rung-C(n=128): ok_count=76 fail_count=52 nonce_collisions=0 all_ok=false
e12: rung-D: host-initiated 1024 with 1025 present -> exit=0 ok=true
e12: snapshot rootfs digest verified after the run (sha256:833401a161b75cd43ea3dc231efa01d039dd23d3e8e73eddf63fd88bbcec54d4)
e12: E12 ANSWER: guest-initiated vsock on a second port DOES NOT SURVIVE restore (rungs: A B C D, substrate: nested-m8i) - see /tmp/e12-results for the failing rung's record
EXIT:1
